=== STAGE 2 === Stage 2 PRIMARY - regular-cadence cohort, unseen impostors, feature-group ablation | started 2026-09-17 22:05:59
schema OK: 60 participants x 225 features
participants: 31 regular (primary), 29 fragmented (secondary only)
impostor pools: fit=24 calib=12 test=24 (disjoint)
planned runs: 372 = 31 users x 6 feature sets x 2 models
[1/372] 098A72A5 F1_ALL                 gradient_boosting   AUC=0.9829 EER=0.0688 FAR=0.0459 FRR=0.0961 (69s)
[2/372] 098A72A5 F1_ALL                 logistic_regression AUC=0.9497 EER=0.1005 FAR=0.1004 FRR=0.1005 (23s)
[3/372] 098A72A5 F2_STAGE1_COMPARABLE   gradient_boosting   AUC=0.9992 EER=0.0125 FAR=0.0339 FRR=0.0037 (35s)
[4/372] 098A72A5 F2_STAGE1_COMPARABLE   logistic_regression AUC=0.9438 EER=0.1203 FAR=0.2016 FRR=0.0448 (13s)
[5/372] 098A72A5 F3_NO_LOC_NO_DEVSTATE  gradient_boosting   AUC=0.9681 EER=0.1055 FAR=0.0488 FRR=0.1357 (55s)
[6/372] 098A72A5 F3_NO_LOC_NO_DEVSTATE  logistic_regression AUC=0.8383 EER=0.2466 FAR=0.2363 FRR=0.2759 (13s)
[7/372] 098A72A5 F4_LOCATION_ONLY       gradient_boosting   AUC=0.9915 EER=0.0432 FAR=0.1096 FRR=0.0059 (13s)
[8/372] 098A72A5 F4_LOCATION_ONLY       logistic_regression AUC=0.8858 EER=0.1637 FAR=0.2721 FRR=0.0858 (6s)
[9/372] 098A72A5 F5_DEVICE_STATE_ONLY   gradient_boosting   AUC=0.7922 EER=0.3074 FAR=0.3311 FRR=0.2238 (2s)
[10/372] 098A72A5 F5_DEVICE_STATE_ONLY   logistic_regression AUC=0.7853 EER=0.3105 FAR=0.3656 FRR=0.1137 (0s)
[11/372] 098A72A5 F6_MISSINGNESS_ONLY    gradient_boosting   AUC=0.8220 EER=0.3661 FAR=0.3675 FRR=0.3595 (5s)
[12/372] 098A72A5 F6_MISSINGNESS_ONLY    logistic_regression AUC=0.8493 EER=0.3261 FAR=0.3411 FRR=0.0205 (2s)
[13/372] 0A986513 F1_ALL                 gradient_boosting   AUC=1.0000 EER=0.0010 FAR=0.0000 FRR=0.0051 (59s)
[14/372] 0A986513 F1_ALL                 logistic_regression AUC=0.9941 EER=0.0102 FAR=0.0071 FRR=0.0114 (21s)
[15/372] 0A986513 F2_STAGE1_COMPARABLE   gradient_boosting   AUC=0.9960 EER=0.0309 FAR=0.0412 FRR=0.0278 (34s)
[16/372] 0A986513 F2_STAGE1_COMPARABLE   logistic_regression AUC=0.9012 EER=0.1667 FAR=0.1578 FRR=0.2020 (11s)
[17/372] 0A986513 F3_NO_LOC_NO_DEVSTATE  gradient_boosting   AUC=1.0000 EER=0.0015 FAR=0.0000 FRR=0.0101 (53s)
[18/372] 0A986513 F3_NO_LOC_NO_DEVSTATE  logistic_regression AUC=0.9987 EER=0.0075 FAR=0.0004 FRR=0.0101 (4s)
[19/372] 0A986513 F4_LOCATION_ONLY       gradient_boosting   AUC=0.9078 EER=0.1682 FAR=0.0608 FRR=0.1768 (12s)
[20/372] 0A986513 F4_LOCATION_ONLY       logistic_regression AUC=0.8213 EER=0.1893 FAR=0.2202 FRR=0.1843 (2s)
[21/372] 0A986513 F5_DEVICE_STATE_ONLY   gradient_boosting   AUC=0.8077 EER=0.3325 FAR=0.2679 FRR=0.4040 (3s)
[22/372] 0A986513 F5_DEVICE_STATE_ONLY   logistic_regression AUC=0.7812 EER=0.3411 FAR=0.2961 FRR=0.3914 (0s)
[23/372] 0A986513 F6_MISSINGNESS_ONLY    gradient_boosting   AUC=0.8813 EER=0.1953 FAR=0.2927 FRR=0.2083 (5s)
[24/372] 0A986513 F6_MISSINGNESS_ONLY    logistic_regression AUC=0.8857 EER=0.1933 FAR=0.2938 FRR=0.2033 (2s)
[25/372] 136562B6 F1_ALL                 gradient_boosting   AUC=0.9990 EER=0.0106 FAR=0.0734 FRR=0.0048 (61s)
[26/372] 136562B6 F1_ALL                 logistic_regression AUC=0.9930 EER=0.0233 FAR=0.0454 FRR=0.0040 (21s)
[27/372] 136562B6 F2_STAGE1_COMPARABLE   gradient_boosting   AUC=0.9895 EER=0.0548 FAR=0.0802 FRR=0.0370 (35s)
[28/372] 136562B6 F2_STAGE1_COMPARABLE   logistic_regression AUC=0.8301 EER=0.2751 FAR=0.1563 FRR=0.3979 (12s)
[29/372] 136562B6 F3_NO_LOC_NO_DEVSTATE  gradient_boosting   AUC=0.9977 EER=0.0143 FAR=0.0416 FRR=0.0048 (53s)
[30/372] 136562B6 F3_NO_LOC_NO_DEVSTATE  logistic_regression AUC=0.9858 EER=0.0394 FAR=0.0421 FRR=0.0338 (12s)
[31/372] 136562B6 F4_LOCATION_ONLY       gradient_boosting   AUC=0.9527 EER=0.1334 FAR=0.1900 FRR=0.0772 (12s)
[32/372] 136562B6 F4_LOCATION_ONLY       logistic_regression AUC=0.8232 EER=0.2460 FAR=0.2218 FRR=0.3232 (2s)
[33/372] 136562B6 F5_DEVICE_STATE_ONLY   gradient_boosting   AUC=0.6952 EER=0.3502 FAR=0.2492 FRR=0.5297 (3s)
[34/372] 136562B6 F5_DEVICE_STATE_ONLY   logistic_regression AUC=0.7168 EER=0.3800 FAR=0.3261 FRR=0.4349 (0s)
[35/372] 136562B6 F6_MISSINGNESS_ONLY    gradient_boosting   AUC=0.8720 EER=0.2038 FAR=0.2617 FRR=0.1584 (5s)
[36/372] 136562B6 F6_MISSINGNESS_ONLY    logistic_regression AUC=0.8762 EER=0.1999 FAR=0.2356 FRR=0.1712 (2s)
[37/372] 1538C99F F1_ALL                 gradient_boosting   AUC=0.9999 EER=0.0069 FAR=0.0300 FRR=0.0008 (60s)
[38/372] 1538C99F F1_ALL                 logistic_regression AUC=0.9984 EER=0.0068 FAR=0.0102 FRR=0.0038 (22s)
[39/372] 1538C99F F2_STAGE1_COMPARABLE   gradient_boosting   AUC=0.9945 EER=0.0434 FAR=0.0277 FRR=0.0740 (37s)
[40/372] 1538C99F F2_STAGE1_COMPARABLE   logistic_regression AUC=0.8939 EER=0.1634 FAR=0.1139 FRR=0.3679 (11s)
[41/372] 1538C99F F3_NO_LOC_NO_DEVSTATE  gradient_boosting   AUC=0.9997 EER=0.0088 FAR=0.0368 FRR=0.0008 (56s)
[42/372] 1538C99F F3_NO_LOC_NO_DEVSTATE  logistic_regression AUC=0.9984 EER=0.0052 FAR=0.0099 FRR=0.0046 (9s)
[43/372] 1538C99F F4_LOCATION_ONLY       gradient_boosting   AUC=0.9748 EER=0.0846 FAR=0.0673 FRR=0.1145 (12s)
[44/372] 1538C99F F4_LOCATION_ONLY       logistic_regression AUC=0.7795 EER=0.2602 FAR=0.2746 FRR=0.2290 (2s)
[45/372] 1538C99F F5_DEVICE_STATE_ONLY   gradient_boosting   AUC=0.6751 EER=0.4105 FAR=0.2916 FRR=0.5985 (3s)
[46/372] 1538C99F F5_DEVICE_STATE_ONLY   logistic_regression AUC=0.7090 EER=0.3766 FAR=0.2916 FRR=0.5794 (0s)
[47/372] 1538C99F F6_MISSINGNESS_ONLY    gradient_boosting   AUC=0.9245 EER=0.1951 FAR=0.1101 FRR=0.2802 (5s)
[48/372] 1538C99F F6_MISSINGNESS_ONLY    logistic_regression AUC=0.9306 EER=0.0996 FAR=0.0813 FRR=0.2802 (2s)
[49/372] 24E40C4C F1_ALL                 gradient_boosting   AUC=1.0000 EER=0.0003 FAR=0.0021 FRR=0.0000 (63s)
[50/372] 24E40C4C F1_ALL                 logistic_regression AUC=0.9851 EER=0.0634 FAR=0.0847 FRR=0.0335 (21s)
[51/372] 24E40C4C F2_STAGE1_COMPARABLE   gradient_boosting   AUC=0.8315 EER=0.2410 FAR=0.1491 FRR=0.4838 (36s)
[52/372] 24E40C4C F2_STAGE1_COMPARABLE   logistic_regression AUC=0.8176 EER=0.3141 FAR=0.2079 FRR=0.3864 (11s)
[53/372] 24E40C4C F3_NO_LOC_NO_DEVSTATE  gradient_boosting   AUC=1.0000 EER=0.0009 FAR=0.0012 FRR=0.0000 (53s)
[54/372] 24E40C4C F3_NO_LOC_NO_DEVSTATE  logistic_regression AUC=0.9930 EER=0.0371 FAR=0.0345 FRR=0.0377 (12s)
[55/372] 24E40C4C F4_LOCATION_ONLY       gradient_boosting   AUC=0.5296 EER=0.4450 FAR=0.3002 FRR=0.7403 (11s)
[56/372] 24E40C4C F4_LOCATION_ONLY       logistic_regression AUC=0.8532 EER=0.2301 FAR=0.2960 FRR=0.2052 (1s)
=== STAGE 2 === Stage 2 PRIMARY - regular-cadence cohort, unseen impostors, feature-group ablation | started 2026-09-17 23:32:19
schema OK: 60 participants x 225 features
participants: 31 regular (primary), 29 fragmented (secondary only)
impostor pools: fit=24 calib=12 test=24 (disjoint)
planned runs: 372 = 31 users x 6 feature sets x 2 models
RESUME: 56 runs already present, 316 remaining
[57/372] 24E40C4C F5_DEVICE_STATE_ONLY   gradient_boosting   AUC=0.6751 EER=0.3687 FAR=0.3252 FRR=0.6649 (8s)
[58/372] 24E40C4C F5_DEVICE_STATE_ONLY   logistic_regression AUC=0.6543 EER=0.4309 FAR=0.3127 FRR=0.6586 (0s)
[59/372] 24E40C4C F6_MISSINGNESS_ONLY    gradient_boosting   AUC=0.7761 EER=0.2841 FAR=0.1667 FRR=0.3990 (5s)
[60/372] 24E40C4C F6_MISSINGNESS_ONLY    logistic_regression AUC=0.7590 EER=0.2869 FAR=0.2974 FRR=0.2764 (2s)
[61/372] 2C32C23E F1_ALL                 gradient_boosting   AUC=0.9998 EER=0.0084 FAR=0.0000 FRR=0.1719 (68s)
[62/372] 2C32C23E F1_ALL                 logistic_regression AUC=0.9937 EER=0.0148 FAR=0.0082 FRR=0.1203 (19s)
[63/372] 2C32C23E F2_STAGE1_COMPARABLE   gradient_boosting   AUC=0.9921 EER=0.0451 FAR=0.0310 FRR=0.0646 (38s)
[64/372] 2C32C23E F2_STAGE1_COMPARABLE   logistic_regression AUC=0.8991 EER=0.1772 FAR=0.1241 FRR=0.3333 (11s)
[65/372] 2C32C23E F3_NO_LOC_NO_DEVSTATE  gradient_boosting   AUC=0.9999 EER=0.0047 FAR=0.0001 FRR=0.0405 (59s)
[66/372] 2C32C23E F3_NO_LOC_NO_DEVSTATE  logistic_regression AUC=0.9988 EER=0.0105 FAR=0.0024 FRR=0.1045 (11s)
[67/372] 2C32C23E F4_LOCATION_ONLY       gradient_boosting   AUC=0.9653 EER=0.1098 FAR=0.1104 FRR=0.1092 (13s)
[68/372] 2C32C23E F4_LOCATION_ONLY       logistic_regression AUC=0.8299 EER=0.2694 FAR=0.2531 FRR=0.3210 (3s)
[69/372] 2C32C23E F5_DEVICE_STATE_ONLY   gradient_boosting   AUC=0.7155 EER=0.3805 FAR=0.3414 FRR=0.4308 (3s)
[70/372] 2C32C23E F5_DEVICE_STATE_ONLY   logistic_regression AUC=0.7117 EER=0.3359 FAR=0.3352 FRR=0.3357 (0s)
[71/372] 2C32C23E F6_MISSINGNESS_ONLY    gradient_boosting   AUC=0.8387 EER=0.2178 FAR=0.1079 FRR=0.2388 (5s)
[72/372] 2C32C23E F6_MISSINGNESS_ONLY    logistic_regression AUC=0.8458 EER=0.2344 FAR=0.1084 FRR=0.2400 (2s)
[73/372] 3600D531 F1_ALL                 gradient_boosting   AUC=0.9998 EER=0.0116 FAR=0.0117 FRR=0.0115 (64s)
[74/372] 3600D531 F1_ALL                 logistic_regression AUC=0.9940 EER=0.0209 FAR=0.0141 FRR=0.0711 (17s)
[75/372] 3600D531 F2_STAGE1_COMPARABLE   gradient_boosting   AUC=0.9888 EER=0.0513 FAR=0.0688 FRR=0.0355 (35s)
[76/372] 3600D531 F2_STAGE1_COMPARABLE   logistic_regression AUC=0.8478 EER=0.2123 FAR=0.1983 FRR=0.2354 (10s)
[77/372] 3600D531 F3_NO_LOC_NO_DEVSTATE  gradient_boosting   AUC=0.9997 EER=0.0076 FAR=0.0180 FRR=0.0000 (56s)
[78/372] 3600D531 F3_NO_LOC_NO_DEVSTATE  logistic_regression AUC=0.9917 EER=0.0231 FAR=0.0225 FRR=0.0288 (9s)
[79/372] 3600D531 F4_LOCATION_ONLY       gradient_boosting   AUC=0.9798 EER=0.0702 FAR=0.1055 FRR=0.0384 (13s)
[80/372] 3600D531 F4_LOCATION_ONLY       logistic_regression AUC=0.6269 EER=0.3958 FAR=0.4087 FRR=0.3660 (2s)
[81/372] 3600D531 F5_DEVICE_STATE_ONLY   gradient_boosting   AUC=0.6773 EER=0.3905 FAR=0.3125 FRR=0.6273 (3s)
[82/372] 3600D531 F5_DEVICE_STATE_ONLY   logistic_regression AUC=0.6806 EER=0.3712 FAR=0.2291 FRR=0.5706 (0s)
[83/372] 3600D531 F6_MISSINGNESS_ONLY    gradient_boosting   AUC=0.7547 EER=0.4109 FAR=0.2244 FRR=0.6167 (5s)
[84/372] 3600D531 F6_MISSINGNESS_ONLY    logistic_regression AUC=0.8317 EER=0.2818 FAR=0.2321 FRR=0.3314 (2s)
[85/372] 4FC32141 F1_ALL                 gradient_boosting   AUC=1.0000 EER=0.0000 FAR=0.0020 FRR=0.0000 (65s)
[86/372] 4FC32141 F1_ALL                 logistic_regression AUC=0.9978 EER=0.0132 FAR=0.0021 FRR=0.0271 (17s)
[87/372] 4FC32141 F2_STAGE1_COMPARABLE   gradient_boosting   AUC=0.9854 EER=0.0703 FAR=0.2051 FRR=0.0070 (36s)
[88/372] 4FC32141 F2_STAGE1_COMPARABLE   logistic_regression AUC=0.9584 EER=0.0953 FAR=0.2666 FRR=0.0371 (10s)
[89/372] 4FC32141 F3_NO_LOC_NO_DEVSTATE  gradient_boosting   AUC=1.0000 EER=0.0008 FAR=0.0010 FRR=0.0000 (57s)
[90/372] 4FC32141 F3_NO_LOC_NO_DEVSTATE  logistic_regression AUC=0.9993 EER=0.0034 FAR=0.0014 FRR=0.0171 (11s)
[91/372] 4FC32141 F4_LOCATION_ONLY       gradient_boosting   AUC=0.9811 EER=0.0747 FAR=0.2378 FRR=0.0161 (12s)
[92/372] 4FC32141 F4_LOCATION_ONLY       logistic_regression AUC=0.9268 EER=0.1207 FAR=0.2806 FRR=0.0311 (2s)
[93/372] 4FC32141 F5_DEVICE_STATE_ONLY   gradient_boosting   AUC=0.8050 EER=0.3138 FAR=0.3509 FRR=0.2570 (3s)
[94/372] 4FC32141 F5_DEVICE_STATE_ONLY   logistic_regression AUC=0.7583 EER=0.2750 FAR=0.4153 FRR=0.1767 (0s)
[95/372] 4FC32141 F6_MISSINGNESS_ONLY    gradient_boosting   AUC=0.8389 EER=0.1315 FAR=0.1666 FRR=0.0954 (5s)
[96/372] 4FC32141 F6_MISSINGNESS_ONLY    logistic_regression AUC=0.8412 EER=0.1307 FAR=0.1677 FRR=0.0944 (2s)
[97/372] 5119D0F8 F1_ALL                 gradient_boosting   AUC=0.9999 EER=0.0024 FAR=0.0010 FRR=0.0038 (67s)
[98/372] 5119D0F8 F1_ALL                 logistic_regression AUC=0.9773 EER=0.0606 FAR=0.0854 FRR=0.0272 (18s)
[99/372] 5119D0F8 F2_STAGE1_COMPARABLE   gradient_boosting   AUC=0.9977 EER=0.0234 FAR=0.0199 FRR=0.0272 (37s)
[100/372] 5119D0F8 F2_STAGE1_COMPARABLE   logistic_regression AUC=0.9051 EER=0.1715 FAR=0.1049 FRR=0.2553 (10s)
[101/372] 5119D0F8 F3_NO_LOC_NO_DEVSTATE  gradient_boosting   AUC=0.9998 EER=0.0043 FAR=0.0026 FRR=0.0106 (58s)
[102/372] 5119D0F8 F3_NO_LOC_NO_DEVSTATE  logistic_regression AUC=0.9783 EER=0.0681 FAR=0.0929 FRR=0.0529 (11s)
[103/372] 5119D0F8 F4_LOCATION_ONLY       gradient_boosting   AUC=0.9879 EER=0.0617 FAR=0.0599 FRR=0.0612 (13s)
[104/372] 5119D0F8 F4_LOCATION_ONLY       logistic_regression AUC=0.7585 EER=0.2871 FAR=0.2856 FRR=0.2870 (1s)
[105/372] 5119D0F8 F5_DEVICE_STATE_ONLY   gradient_boosting   AUC=0.7465 EER=0.3714 FAR=0.3036 FRR=0.4335 (3s)
[106/372] 5119D0F8 F5_DEVICE_STATE_ONLY   logistic_regression AUC=0.7603 EER=0.3124 FAR=0.2809 FRR=0.3784 (0s)
[107/372] 5119D0F8 F6_MISSINGNESS_ONLY    gradient_boosting   AUC=0.9257 EER=0.1981 FAR=0.2048 FRR=0.0650 (5s)
[108/372] 5119D0F8 F6_MISSINGNESS_ONLY    logistic_regression AUC=0.9261 EER=0.1969 FAR=0.2070 FRR=0.0604 (2s)
[109/372] 5152A2DF F1_ALL                 gradient_boosting   AUC=0.9996 EER=0.0061 FAR=0.0019 FRR=0.0340 (66s)
[110/372] 5152A2DF F1_ALL                 logistic_regression AUC=0.9527 EER=0.0927 FAR=0.1126 FRR=0.0461 (17s)
[111/372] 5152A2DF F2_STAGE1_COMPARABLE   gradient_boosting   AUC=0.9789 EER=0.0710 FAR=0.0513 FRR=0.1148 (36s)
[112/372] 5152A2DF F2_STAGE1_COMPARABLE   logistic_regression AUC=0.8780 EER=0.1940 FAR=0.2203 FRR=0.1443 (10s)
[113/372] 5152A2DF F3_NO_LOC_NO_DEVSTATE  gradient_boosting   AUC=0.9994 EER=0.0100 FAR=0.0067 FRR=0.0121 (57s)
[114/372] 5152A2DF F3_NO_LOC_NO_DEVSTATE  logistic_regression AUC=0.9388 EER=0.1245 FAR=0.1183 FRR=0.1405 (10s)
[115/372] 5152A2DF F4_LOCATION_ONLY       gradient_boosting   AUC=0.9282 EER=0.1375 FAR=0.0794 FRR=0.2553 (12s)
[116/372] 5152A2DF F4_LOCATION_ONLY       logistic_regression AUC=0.7853 EER=0.2909 FAR=0.2724 FRR=0.3210 (1s)
[117/372] 5152A2DF F5_DEVICE_STATE_ONLY   gradient_boosting   AUC=0.7960 EER=0.2481 FAR=0.3123 FRR=0.2183 (3s)
[118/372] 5152A2DF F5_DEVICE_STATE_ONLY   logistic_regression AUC=0.8058 EER=0.2743 FAR=0.3436 FRR=0.1480 (0s)
[119/372] 5152A2DF F6_MISSINGNESS_ONLY    gradient_boosting   AUC=0.8514 EER=0.1200 FAR=0.2635 FRR=0.0053 (5s)
[120/372] 5152A2DF F6_MISSINGNESS_ONLY    logistic_regression AUC=0.8809 EER=0.1130 FAR=0.2622 FRR=0.0008 (2s)
[121/372] 5EF64122 F1_ALL                 gradient_boosting   AUC=0.9999 EER=0.0041 FAR=0.0030 FRR=0.0038 (64s)
[122/372] 5EF64122 F1_ALL                 logistic_regression AUC=0.9609 EER=0.0843 FAR=0.0428 FRR=0.2950 (17s)
[123/372] 5EF64122 F2_STAGE1_COMPARABLE   gradient_boosting   AUC=0.9958 EER=0.0253 FAR=0.0336 FRR=0.0230 (36s)
[124/372] 5EF64122 F2_STAGE1_COMPARABLE   logistic_regression AUC=0.9244 EER=0.1317 FAR=0.0339 FRR=0.4572 (10s)
[125/372] 5EF64122 F3_NO_LOC_NO_DEVSTATE  gradient_boosting   AUC=1.0000 EER=0.0012 FAR=0.0004 FRR=0.0026 (56s)
[126/372] 5EF64122 F3_NO_LOC_NO_DEVSTATE  logistic_regression AUC=0.9723 EER=0.0922 FAR=0.1150 FRR=0.0536 (11s)
[127/372] 5EF64122 F4_LOCATION_ONLY       gradient_boosting   AUC=0.9482 EER=0.1213 FAR=0.0738 FRR=0.2580 (12s)
[128/372] 5EF64122 F4_LOCATION_ONLY       logistic_regression AUC=0.8989 EER=0.1234 FAR=0.0958 FRR=0.1405 (1s)
[129/372] 5EF64122 F5_DEVICE_STATE_ONLY   gradient_boosting   AUC=0.7425 EER=0.3265 FAR=0.3507 FRR=0.2299 (3s)
[130/372] 5EF64122 F5_DEVICE_STATE_ONLY   logistic_regression AUC=0.7234 EER=0.3726 FAR=0.3530 FRR=0.4496 (0s)
[131/372] 5EF64122 F6_MISSINGNESS_ONLY    gradient_boosting   AUC=0.7132 EER=0.3603 FAR=0.1517 FRR=0.7024 (5s)
[132/372] 5EF64122 F6_MISSINGNESS_ONLY    logistic_regression AUC=0.6875 EER=0.4682 FAR=0.1402 FRR=0.7101 (2s)
[133/372] 61976C24 F1_ALL                 gradient_boosting   AUC=0.9993 EER=0.0081 FAR=0.0148 FRR=0.0000 (66s)
[134/372] 61976C24 F1_ALL                 logistic_regression AUC=0.9783 EER=0.0557 FAR=0.0937 FRR=0.0011 (19s)
[135/372] 61976C24 F2_STAGE1_COMPARABLE   gradient_boosting   AUC=0.9943 EER=0.0343 FAR=0.0421 FRR=0.0189 (37s)
[136/372] 61976C24 F2_STAGE1_COMPARABLE   logistic_regression AUC=0.9096 EER=0.1798 FAR=0.1696 FRR=0.1976 (10s)
[137/372] 61976C24 F3_NO_LOC_NO_DEVSTATE  gradient_boosting   AUC=0.9992 EER=0.0143 FAR=0.0283 FRR=0.0063 (58s)
[138/372] 61976C24 F3_NO_LOC_NO_DEVSTATE  logistic_regression AUC=0.9471 EER=0.1203 FAR=0.1591 FRR=0.0275 (11s)
[139/372] 61976C24 F4_LOCATION_ONLY       gradient_boosting   AUC=0.9840 EER=0.0705 FAR=0.0763 FRR=0.0601 (13s)
[140/372] 61976C24 F4_LOCATION_ONLY       logistic_regression AUC=0.7105 EER=0.3001 FAR=0.3593 FRR=0.2892 (2s)
[141/372] 61976C24 F5_DEVICE_STATE_ONLY   gradient_boosting   AUC=0.6629 EER=0.4134 FAR=0.3520 FRR=0.5080 (3s)
[142/372] 61976C24 F5_DEVICE_STATE_ONLY   logistic_regression AUC=0.6803 EER=0.4069 FAR=0.4169 FRR=0.4026 (0s)
[143/372] 61976C24 F6_MISSINGNESS_ONLY    gradient_boosting   AUC=0.9406 EER=0.1014 FAR=0.1714 FRR=0.0315 (4s)
[144/372] 61976C24 F6_MISSINGNESS_ONLY    logistic_regression AUC=0.9418 EER=0.1025 FAR=0.1712 FRR=0.0338 (2s)
